[debug] [2025-08-22T15:09:48.804Z] ----------------------------------------------------------------------
[debug] [2025-08-22T15:09:48.807Z] Command:       C:\Program Files\nodejs\node.exe C:\Program Files\nodejs\node_modules\firebase-tools\lib\bin\firebase.js deploy --only functions
[debug] [2025-08-22T15:09:48.808Z] CLI Version:   14.9.0
[debug] [2025-08-22T15:09:48.808Z] Platform:      win32
[debug] [2025-08-22T15:09:48.808Z] Node Version:  v20.18.0
[debug] [2025-08-22T15:09:48.808Z] Time:          Fri Aug 22 2025 20:39:48 GMT+0530 (India Standard Time)
[debug] [2025-08-22T15:09:48.808Z] ----------------------------------------------------------------------
[debug] 
[debug] [2025-08-22T15:09:49.083Z] > command requires scopes: ["email","openid","https://www.googleapis.com/auth/cloudplatformprojects.readonly","https://www.googleapis.com/auth/firebase","https://www.googleapis.com/auth/cloud-platform"]
[debug] [2025-08-22T15:09:49.083Z] > authorizing via signed-in user (suryasai42@gmail.com)
[debug] [2025-08-22T15:09:49.083Z] [iam] checking project choose-your-goat for permissions ["cloudfunctions.functions.create","cloudfunctions.functions.delete","cloudfunctions.functions.get","cloudfunctions.functions.list","cloudfunctions.functions.update","cloudfunctions.operations.get","firebase.projects.get"]
[debug] [2025-08-22T15:09:49.085Z] Checked if tokens are valid: true, expires at: 1755878950703
[debug] [2025-08-22T15:09:49.085Z] Checked if tokens are valid: true, expires at: 1755878950703
[debug] [2025-08-22T15:09:49.086Z] >>> [apiv2][query] POST https://cloudresourcemanager.googleapis.com/v1/projects/choose-your-goat:testIamPermissions [none]
[debug] [2025-08-22T15:09:49.086Z] >>> [apiv2][(partial)header] POST https://cloudresourcemanager.googleapis.com/v1/projects/choose-your-goat:testIamPermissions x-goog-quota-user=projects/choose-your-goat
[debug] [2025-08-22T15:09:49.087Z] >>> [apiv2][body] POST https://cloudresourcemanager.googleapis.com/v1/projects/choose-your-goat:testIamPermissions {"permissions":["cloudfunctions.functions.create","cloudfunctions.functions.delete","cloudfunctions.functions.get","cloudfunctions.functions.list","cloudfunctions.functions.update","cloudfunctions.operations.get","firebase.projects.get"]}
[debug] [2025-08-22T15:09:50.549Z] <<< [apiv2][status] POST https://cloudresourcemanager.googleapis.com/v1/projects/choose-your-goat:testIamPermissions 200
[debug] [2025-08-22T15:09:50.550Z] <<< [apiv2][body] POST https://cloudresourcemanager.googleapis.com/v1/projects/choose-your-goat:testIamPermissions {"permissions":["cloudfunctions.functions.create","cloudfunctions.functions.delete","cloudfunctions.functions.get","cloudfunctions.functions.list","cloudfunctions.functions.update","cloudfunctions.operations.get","firebase.projects.get"]}
[debug] [2025-08-22T15:09:50.550Z] Checked if tokens are valid: true, expires at: 1755878950703
[debug] [2025-08-22T15:09:50.550Z] Checked if tokens are valid: true, expires at: 1755878950703
[debug] [2025-08-22T15:09:50.550Z] >>> [apiv2][query] POST https://iam.googleapis.com/v1/projects/choose-your-goat/serviceAccounts/choose-your-goat@appspot.gserviceaccount.com:testIamPermissions [none]
[debug] [2025-08-22T15:09:50.550Z] >>> [apiv2][body] POST https://iam.googleapis.com/v1/projects/choose-your-goat/serviceAccounts/choose-your-goat@appspot.gserviceaccount.com:testIamPermissions {"permissions":["iam.serviceAccounts.actAs"]}
[debug] [2025-08-22T15:09:51.943Z] <<< [apiv2][status] POST https://iam.googleapis.com/v1/projects/choose-your-goat/serviceAccounts/choose-your-goat@appspot.gserviceaccount.com:testIamPermissions 200
[debug] [2025-08-22T15:09:51.943Z] <<< [apiv2][body] POST https://iam.googleapis.com/v1/projects/choose-your-goat/serviceAccounts/choose-your-goat@appspot.gserviceaccount.com:testIamPermissions {"permissions":["iam.serviceAccounts.actAs"]}
[info] 
[info] === Deploying to 'choose-your-goat'...
[info] 
[info] i  deploying functions 
[info] Running command: npm --prefix "$RESOURCE_DIR" run lint
[info] +  functions: Finished running predeploy script. 
[debug] [2025-08-22T15:09:58.556Z] Checked if tokens are valid: true, expires at: 1755878950703
[debug] [2025-08-22T15:09:58.556Z] Checked if tokens are valid: true, expires at: 1755878950703
[debug] [2025-08-22T15:09:58.556Z] >>> [apiv2][query] GET https://cloudresourcemanager.googleapis.com/v1/projects/choose-your-goat [none]
[debug] [2025-08-22T15:09:59.653Z] <<< [apiv2][status] GET https://cloudresourcemanager.googleapis.com/v1/projects/choose-your-goat 200
[debug] [2025-08-22T15:09:59.653Z] <<< [apiv2][body] GET https://cloudresourcemanager.googleapis.com/v1/projects/choose-your-goat {"projectNumber":"636547426141","projectId":"choose-your-goat","lifecycleState":"ACTIVE","name":"choose-your-goat","labels":{"firebase":"enabled"},"createTime":"2024-10-29T09:38:20.125064Z","parent":{"type":"organization","id":"1033313708712"}}
[info] i  functions: preparing codebase default for deployment 
[info] i  functions: ensuring required API cloudfunctions.googleapis.com is enabled... 
[info] i  functions: ensuring required API cloudbuild.googleapis.com is enabled... 
[info] i  artifactregistry: ensuring required API artifactregistry.googleapis.com is enabled... 
[debug] [2025-08-22T15:09:59.656Z] Checked if tokens are valid: true, expires at: 1755878950703
[debug] [2025-08-22T15:09:59.656Z] Checked if tokens are valid: true, expires at: 1755878950703
[debug] [2025-08-22T15:09:59.657Z] >>> [apiv2][query] GET https://firebase.googleapis.com/v1beta1/projects/choose-your-goat/adminSdkConfig [none]
[debug] [2025-08-22T15:10:00.869Z] <<< [apiv2][status] GET https://firebase.googleapis.com/v1beta1/projects/choose-your-goat/adminSdkConfig 200
[debug] [2025-08-22T15:10:00.870Z] <<< [apiv2][body] GET https://firebase.googleapis.com/v1beta1/projects/choose-your-goat/adminSdkConfig {"projectId":"choose-your-goat","storageBucket":"choose-your-goat.firebasestorage.app"}
[debug] [2025-08-22T15:10:00.870Z] Checked if tokens are valid: true, expires at: 1755878950703
[debug] [2025-08-22T15:10:00.870Z] Checked if tokens are valid: true, expires at: 1755878950703
[debug] [2025-08-22T15:10:00.870Z] >>> [apiv2][query] GET https://runtimeconfig.googleapis.com/v1beta1/projects/choose-your-goat/configs [none]
[debug] [2025-08-22T15:10:02.027Z] <<< [apiv2][status] GET https://runtimeconfig.googleapis.com/v1beta1/projects/choose-your-goat/configs 200
[debug] [2025-08-22T15:10:02.028Z] <<< [apiv2][body] GET https://runtimeconfig.googleapis.com/v1beta1/projects/choose-your-goat/configs {"configs":[{"name":"projects/choose-your-goat/configs/email"}]}
[debug] [2025-08-22T15:10:02.028Z] Checked if tokens are valid: true, expires at: 1755878950703
[debug] [2025-08-22T15:10:02.028Z] Checked if tokens are valid: true, expires at: 1755878950703
[debug] [2025-08-22T15:10:02.028Z] >>> [apiv2][query] GET https://runtimeconfig.googleapis.com/v1beta1/projects/choose-your-goat/configs/email/variables [none]
[debug] [2025-08-22T15:10:02.571Z] <<< [apiv2][status] GET https://runtimeconfig.googleapis.com/v1beta1/projects/choose-your-goat/configs/email/variables 200
[debug] [2025-08-22T15:10:02.572Z] <<< [apiv2][body] GET https://runtimeconfig.googleapis.com/v1beta1/projects/choose-your-goat/configs/email/variables {"variables":[{"name":"projects/choose-your-goat/configs/email/variables/pass","updateTime":"2025-01-21T09:41:25.242603448Z"},{"name":"projects/choose-your-goat/configs/email/variables/user","updateTime":"2025-01-21T09:41:28.476049278Z"}]}
[debug] [2025-08-22T15:10:02.572Z] Checked if tokens are valid: true, expires at: 1755878950703
[debug] [2025-08-22T15:10:02.572Z] Checked if tokens are valid: true, expires at: 1755878950703
[debug] [2025-08-22T15:10:02.572Z] Checked if tokens are valid: true, expires at: 1755878950703
[debug] [2025-08-22T15:10:02.572Z] Checked if tokens are valid: true, expires at: 1755878950703
[debug] [2025-08-22T15:10:02.572Z] >>> [apiv2][query] GET https://runtimeconfig.googleapis.com/v1beta1/projects/choose-your-goat/configs/email/variables/pass [none]
[debug] [2025-08-22T15:10:02.572Z] >>> [apiv2][query] GET https://runtimeconfig.googleapis.com/v1beta1/projects/choose-your-goat/configs/email/variables/user [none]
[debug] [2025-08-22T15:10:02.910Z] <<< [apiv2][status] GET https://runtimeconfig.googleapis.com/v1beta1/projects/choose-your-goat/configs/email/variables/pass 200
[debug] [2025-08-22T15:10:02.910Z] <<< [apiv2][body] GET https://runtimeconfig.googleapis.com/v1beta1/projects/choose-your-goat/configs/email/variables/pass {"name":"projects/choose-your-goat/configs/email/variables/pass","updateTime":"2025-01-21T09:41:25.242603448Z","text":"krishna@20"}
[debug] [2025-08-22T15:10:03.379Z] <<< [apiv2][status] GET https://runtimeconfig.googleapis.com/v1beta1/projects/choose-your-goat/configs/email/variables/user 200
[debug] [2025-08-22T15:10:03.379Z] <<< [apiv2][body] GET https://runtimeconfig.googleapis.com/v1beta1/projects/choose-your-goat/configs/email/variables/user {"name":"projects/choose-your-goat/configs/email/variables/user","updateTime":"2025-01-21T09:41:28.476049278Z","text":"b.krishnamanohar20@ifheindia.org"}
[debug] [2025-08-22T15:10:03.381Z] Validating nodejs source
[warn] !  functions: Runtime Node.js 18 was deprecated on 2025-04-30 and will be decommissioned on 2025-10-30, after which you will not be able to deploy without upgrading. Consider upgrading now to avoid disruption. See https://cloud.google.com/functions/docs/runtime-support for full details on the lifecycle policy 
[warn] !  functions: package.json indicates an outdated version of firebase-functions. Please upgrade using npm install --save firebase-functions@latest in your functions directory. 
[debug] [2025-08-22T15:10:05.198Z] > [functions] package.json contents: {
  "name": "functions",
  "description": "Cloud Functions for Firebase",
  "scripts": {
    "lint": "eslint .",
    "serve": "firebase emulators:start --only functions",
    "shell": "firebase functions:shell",
    "start": "npm run shell",
    "deploy": "firebase deploy --only functions",
    "logs": "firebase functions:log"
  },
  "engines": {
    "node": "18"
  },
  "main": "index.js",
  "dependencies": {
    "cors": "^2.8.5",
    "firebase-admin": "^12.6.0",
    "firebase-functions": "^6.0.1",
    "fs": "^0.0.1-security",
    "handlebars": "^4.7.8",
    "nodemailer": "^6.9.16"
  },
  "devDependencies": {
    "eslint": "^8.15.0",
    "eslint-config-google": "^0.14.0",
    "firebase-functions-test": "^3.1.0"
  },
  "private": true
}
[debug] [2025-08-22T15:10:05.198Z] Building nodejs source
[info] i  functions: Loading and analyzing source code for codebase default to determine what to deploy 
[debug] [2025-08-22T15:10:05.199Z] Could not find functions.yaml. Must use http discovery
[debug] [2025-08-22T15:10:05.206Z] Found firebase-functions binary at 'C:\Users\surya\Desktop\TM repos\react.user.choose-your-goat\functions\node_modules\.bin\firebase-functions'
[info] Serving at port 8969

[debug] [2025-08-22T15:10:11.852Z] Got response from /__/functions.yaml {"endpoints":{"sendNewOrderEmail":{"availableMemoryMb":null,"timeoutSeconds":null,"minInstances":null,"maxInstances":null,"ingressSettings":null,"concurrency":null,"serviceAccountEmail":null,"vpc":null,"platform":"gcfv2","labels":{},"httpsTrigger":{},"entryPoint":"sendNewOrderEmail"}},"specVersion":"v1alpha1","requiredAPIs":[],"extensions":{}}
[info] i  extensions: ensuring required API firebaseextensions.googleapis.com is enabled... 
[debug] [2025-08-22T15:10:15.883Z] > command requires scopes: ["email","openid","https://www.googleapis.com/auth/cloudplatformprojects.readonly","https://www.googleapis.com/auth/firebase","https://www.googleapis.com/auth/cloud-platform"]
[debug] [2025-08-22T15:10:15.883Z] > authorizing via signed-in user (suryasai42@gmail.com)
[debug] [2025-08-22T15:10:15.884Z] [iam] checking project choose-your-goat for permissions ["firebase.projects.get","firebaseextensions.instances.list"]
[debug] [2025-08-22T15:10:15.884Z] Checked if tokens are valid: true, expires at: 1755878950703
[debug] [2025-08-22T15:10:15.884Z] Checked if tokens are valid: true, expires at: 1755878950703
[debug] [2025-08-22T15:10:15.884Z] >>> [apiv2][query] POST https://cloudresourcemanager.googleapis.com/v1/projects/choose-your-goat:testIamPermissions [none]
[debug] [2025-08-22T15:10:15.884Z] >>> [apiv2][(partial)header] POST https://cloudresourcemanager.googleapis.com/v1/projects/choose-your-goat:testIamPermissions x-goog-quota-user=projects/choose-your-goat
[debug] [2025-08-22T15:10:15.884Z] >>> [apiv2][body] POST https://cloudresourcemanager.googleapis.com/v1/projects/choose-your-goat:testIamPermissions {"permissions":["firebase.projects.get","firebaseextensions.instances.list"]}
[debug] [2025-08-22T15:10:17.126Z] <<< [apiv2][status] POST https://cloudresourcemanager.googleapis.com/v1/projects/choose-your-goat:testIamPermissions 200
[debug] [2025-08-22T15:10:17.126Z] <<< [apiv2][body] POST https://cloudresourcemanager.googleapis.com/v1/projects/choose-your-goat:testIamPermissions {"permissions":["firebase.projects.get","firebaseextensions.instances.list"]}
[debug] [2025-08-22T15:10:17.127Z] Checked if tokens are valid: true, expires at: 1755878950703
[debug] [2025-08-22T15:10:17.127Z] Checked if tokens are valid: true, expires at: 1755878950703
[debug] [2025-08-22T15:10:17.127Z] >>> [apiv2][query] GET https://firebaseextensions.googleapis.com/v1beta/projects/choose-your-goat/instances pageSize=100&pageToken=
[debug] [2025-08-22T15:10:18.830Z] <<< [apiv2][status] GET https://firebaseextensions.googleapis.com/v1beta/projects/choose-your-goat/instances 200
[debug] [2025-08-22T15:10:18.830Z] <<< [apiv2][body] GET https://firebaseextensions.googleapis.com/v1beta/projects/choose-your-goat/instances {}
[info] i  functions: preparing functions directory for uploading... 
[info] i  functions: packaged C:\Users\surya\Desktop\TM repos\react.user.choose-your-goat\functions (73.88 KB) for uploading 
[debug] [2025-08-22T15:10:18.872Z] Checked if tokens are valid: true, expires at: 1755878950703
[debug] [2025-08-22T15:10:18.872Z] Checked if tokens are valid: true, expires at: 1755878950703
[debug] [2025-08-22T15:10:18.872Z] >>> [apiv2][query] GET https://cloudfunctions.googleapis.com/v1/projects/choose-your-goat/locations/-/functions [none]
[debug] [2025-08-22T15:10:20.232Z] <<< [apiv2][status] GET https://cloudfunctions.googleapis.com/v1/projects/choose-your-goat/locations/-/functions 200
[debug] [2025-08-22T15:10:20.233Z] <<< [apiv2][body] GET https://cloudfunctions.googleapis.com/v1/projects/choose-your-goat/locations/-/functions {}
[debug] [2025-08-22T15:10:20.233Z] Checked if tokens are valid: true, expires at: 1755878950703
[debug] [2025-08-22T15:10:20.233Z] Checked if tokens are valid: true, expires at: 1755878950703
[debug] [2025-08-22T15:10:20.233Z] >>> [apiv2][query] GET https://cloudfunctions.googleapis.com/v2/projects/choose-your-goat/locations/-/functions filter=environment%3D%22GEN_2%22
[debug] [2025-08-22T15:10:21.523Z] <<< [apiv2][status] GET https://cloudfunctions.googleapis.com/v2/projects/choose-your-goat/locations/-/functions 200
[debug] [2025-08-22T15:10:21.523Z] <<< [apiv2][body] GET https://cloudfunctions.googleapis.com/v2/projects/choose-your-goat/locations/-/functions {"functions":[{"name":"projects/choose-your-goat/locations/us-central1/functions/sendNewOrderEmail","buildConfig":{"build":"projects/636547426141/locations/us-central1/builds/60cae3c0-6334-46c2-b4fd-8f8e0d0db9d4","runtime":"nodejs18","entryPoint":"sendNewOrderEmail","source":{"storageSource":{"bucket":"gcf-v2-sources-636547426141-us-central1","object":"sendNewOrderEmail/function-source.zip","generation":"1755278152223136"}},"environmentVariables":{"GOOGLE_NODE_RUN_SCRIPTS":""},"dockerRepository":"projects/choose-your-goat/locations/us-central1/repositories/gcf-artifacts","sourceProvenance":{"resolvedStorageSource":{"bucket":"gcf-v2-sources-636547426141-us-central1","object":"sendNewOrderEmail/function-source.zip","generation":"1755278152223136"}},"dockerRegistry":"ARTIFACT_REGISTRY","serviceAccount":"projects/choose-your-goat/serviceAccounts/636547426141-compute@developer.gserviceaccount.com","automaticUpdatePolicy":{}},"serviceConfig":{"service":"projects/choose-your-goat/locations/us-central1/services/sendneworderemail","timeoutSeconds":60,"environmentVariables":{"FIREBASE_CONFIG":"{\"projectId\":\"choose-your-goat\",\"storageBucket\":\"choose-your-goat.firebasestorage.app\"}","GCLOUD_PROJECT":"choose-your-goat","EVENTARC_CLOUD_EVENT_SOURCE":"projects/choose-your-goat/locations/us-central1/services/sendNewOrderEmail","FUNCTION_TARGET":"sendNewOrderEmail","LOG_EXECUTION_ID":"true"},"maxInstanceCount":3,"ingressSettings":"ALLOW_ALL","uri":"https://sendneworderemail-ypvdab2dka-uc.a.run.app","serviceAccountEmail":"636547426141-compute@developer.gserviceaccount.com","availableMemory":"256Mi","allTrafficOnLatestRevision":true,"revision":"sendneworderemail-00010-dil","maxInstanceRequestConcurrency":80,"availableCpu":"1"},"state":"ACTIVE","updateTime":"2025-08-15T17:16:43.381611480Z","labels":{"deployment-tool":"cli-firebase","firebase-functions-hash":"f5767958d80bf9eb46b5e7025ac2cbf19ea11392"},"environment":"GEN_2","url":"https://us-central1-choose-your-goat.cloudfunctions.net/sendNewOrderEmail","createTime":"2025-01-21T12:03:56.155483601Z","satisfiesPzi":true}]}
[info] i  functions: ensuring required API run.googleapis.com is enabled... 
[info] i  functions: ensuring required API eventarc.googleapis.com is enabled... 
[info] i  functions: ensuring required API pubsub.googleapis.com is enabled... 
[info] i  functions: ensuring required API storage.googleapis.com is enabled... 
[info] i  functions: generating the service identity for pubsub.googleapis.com... 
[debug] [2025-08-22T15:10:21.529Z] Checked if tokens are valid: true, expires at: 1755878950703
[debug] [2025-08-22T15:10:21.529Z] Checked if tokens are valid: true, expires at: 1755878950703
[info] i  functions: generating the service identity for eventarc.googleapis.com... 
[debug] [2025-08-22T15:10:21.529Z] Checked if tokens are valid: true, expires at: 1755878950703
[debug] [2025-08-22T15:10:21.529Z] Checked if tokens are valid: true, expires at: 1755878950703
[debug] [2025-08-22T15:10:21.530Z] >>> [apiv2][query] POST https://serviceusage.googleapis.com/v1beta1/projects/636547426141/services/pubsub.googleapis.com:generateServiceIdentity [none]
[debug] [2025-08-22T15:10:21.530Z] >>> [apiv2][(partial)header] POST https://serviceusage.googleapis.com/v1beta1/projects/636547426141/services/pubsub.googleapis.com:generateServiceIdentity x-goog-quota-user=projects/636547426141
[debug] [2025-08-22T15:10:21.530Z] >>> [apiv2][body] POST https://serviceusage.googleapis.com/v1beta1/projects/636547426141/services/pubsub.googleapis.com:generateServiceIdentity {}
[debug] [2025-08-22T15:10:21.531Z] >>> [apiv2][query] POST https://serviceusage.googleapis.com/v1beta1/projects/636547426141/services/eventarc.googleapis.com:generateServiceIdentity [none]
[debug] [2025-08-22T15:10:21.531Z] >>> [apiv2][(partial)header] POST https://serviceusage.googleapis.com/v1beta1/projects/636547426141/services/eventarc.googleapis.com:generateServiceIdentity x-goog-quota-user=projects/636547426141
[debug] [2025-08-22T15:10:21.531Z] >>> [apiv2][body] POST https://serviceusage.googleapis.com/v1beta1/projects/636547426141/services/eventarc.googleapis.com:generateServiceIdentity {}
[debug] [2025-08-22T15:10:23.012Z] <<< [apiv2][status] POST https://serviceusage.googleapis.com/v1beta1/projects/636547426141/services/eventarc.googleapis.com:generateServiceIdentity 200
[debug] [2025-08-22T15:10:23.013Z] <<< [apiv2][body] POST https://serviceusage.googleapis.com/v1beta1/projects/636547426141/services/eventarc.googleapis.com:generateServiceIdentity {"name":"operations/finished.DONE_OPERATION","done":true,"response":{"@type":"type.googleapis.com/google.api.serviceusage.v1beta1.ServiceIdentity","email":"service-636547426141@gcp-sa-eventarc.iam.gserviceaccount.com","uniqueId":"104479133301427238065"}}
[debug] [2025-08-22T15:10:23.233Z] <<< [apiv2][status] POST https://serviceusage.googleapis.com/v1beta1/projects/636547426141/services/pubsub.googleapis.com:generateServiceIdentity 200
[debug] [2025-08-22T15:10:23.233Z] <<< [apiv2][body] POST https://serviceusage.googleapis.com/v1beta1/projects/636547426141/services/pubsub.googleapis.com:generateServiceIdentity {"name":"operations/finished.DONE_OPERATION","done":true,"response":{"@type":"type.googleapis.com/google.api.serviceusage.v1beta1.ServiceIdentity","email":"service-636547426141@gcp-sa-pubsub.iam.gserviceaccount.com","uniqueId":"108154766596857751371"}}
[debug] [2025-08-22T15:10:23.235Z] Checked if tokens are valid: true, expires at: 1755878950703
[debug] [2025-08-22T15:10:23.235Z] Checked if tokens are valid: true, expires at: 1755878950703
[debug] [2025-08-22T15:10:23.235Z] >>> [apiv2][query] GET https://cloudresourcemanager.googleapis.com/v1/projects/choose-your-goat [none]
[debug] [2025-08-22T15:10:24.307Z] <<< [apiv2][status] GET https://cloudresourcemanager.googleapis.com/v1/projects/choose-your-goat 200
[debug] [2025-08-22T15:10:24.307Z] <<< [apiv2][body] GET https://cloudresourcemanager.googleapis.com/v1/projects/choose-your-goat {"projectNumber":"636547426141","projectId":"choose-your-goat","lifecycleState":"ACTIVE","name":"choose-your-goat","labels":{"firebase":"enabled"},"createTime":"2024-10-29T09:38:20.125064Z","parent":{"type":"organization","id":"1033313708712"}}
[debug] [2025-08-22T15:10:24.307Z] Checked if tokens are valid: true, expires at: 1755878950703
[debug] [2025-08-22T15:10:24.307Z] Checked if tokens are valid: true, expires at: 1755878950703
[debug] [2025-08-22T15:10:24.307Z] >>> [apiv2][query] GET https://compute.googleapis.com/compute/v1/projects/636547426141 [none]
[debug] [2025-08-22T15:10:25.563Z] <<< [apiv2][status] GET https://compute.googleapis.com/compute/v1/projects/636547426141 200
[debug] [2025-08-22T15:10:25.564Z] <<< [apiv2][body] GET https://compute.googleapis.com/compute/v1/projects/636547426141 {"kind":"compute#project","id":"3525007090324555445","creationTimestamp":"2024-11-05T21:02:18.784-08:00","name":"choose-your-goat","commonInstanceMetadata":{"kind":"compute#metadata","fingerprint":"IrjYmSUGzhk="},"quotas":[{"metric":"SNAPSHOTS","limit":1000,"usage":0},{"metric":"NETWORKS","limit":5,"usage":1},{"metric":"FIREWALLS","limit":100,"usage":4},{"metric":"IMAGES","limit":100,"usage":0},{"metric":"STATIC_ADDRESSES","limit":8,"usage":1},{"metric":"ROUTES","limit":200,"usage":0},{"metric":"FORWARDING_RULES","limit":15,"usage":0},{"metric":"TARGET_POOLS","limit":50,"usage":0},{"metric":"HEALTH_CHECKS","limit":75,"usage":0},{"metric":"IN_USE_ADDRESSES","limit":4,"usage":0},{"metric":"TARGET_INSTANCES","limit":50,"usage":0},{"metric":"TARGET_HTTP_PROXIES","limit":10,"usage":0},{"metric":"URL_MAPS","limit":10,"usage":0},{"metric":"BACKEND_SERVICES","limit":50,"usage":0},{"metric":"INSTANCE_TEMPLATES","limit":100,"usage":0},{"metric":"TARGET_VPN_GATEWAYS","limit":5,"usage":0},{"metric":"VPN_TUNNELS","limit":10,"usage":0},{"metric":"BACKEND_BUCKETS","limit":3,"usage":0},{"metric":"ROUTERS","limit":10,"usage":0},{"metric":"TARGET_SSL_PROXIES","limit":10,"usage":0},{"metric":"TARGET_HTTPS_PROXIES","limit":10,"usage":0},{"metric":"SSL_CERTIFICATES","limit":10,"usage":0},{"metric":"SUBNETWORKS","limit":100,"usage":0},{"metric":"TARGET_TCP_PROXIES","limit":10,"usage":0},{"metric":"CPUS_ALL_REGIONS","limit":12,"usage":0},{"metric":"SECURITY_POLICIES","limit":0,"usage":0},{"metric":"SECURITY_POLICY_RULES","limit":0,"usage":0},{"metric":"XPN_SERVICE_PROJECTS","limit":1000,"usage":0},{"metric":"PACKET_MIRRORINGS","limit":20,"usage":0},{"metric":"NETWORK_ENDPOINT_GROUPS","limit":100,"usage":0},{"metric":"INTERCONNECTS","limit":6,"usage":0},{"metric":"SSL_POLICIES","limit":10,"usage":0},{"metric":"GLOBAL_INTERNAL_ADDRESSES","limit":5000,"usage":0},{"metric":"VPN_GATEWAYS","limit":5,"usage":0},{"metric":"MACHINE_IMAGES","limit":100,"usage":0},{"metric":"SECURITY_POLICY_CEVAL_RULES","limit":0,"usage":0},{"metric":"GPUS_ALL_REGIONS","limit":0,"usage":0},{"metric":"EXTERNAL_VPN_GATEWAYS","limit":5,"usage":0},{"metric":"PUBLIC_ADVERTISED_PREFIXES","limit":1,"usage":0},{"metric":"PUBLIC_DELEGATED_PREFIXES","limit":10,"usage":0},{"metric":"STATIC_BYOIP_ADDRESSES","limit":128,"usage":0},{"metric":"NETWORK_FIREWALL_POLICIES","limit":10,"usage":0},{"metric":"INTERNAL_TRAFFIC_DIRECTOR_FORWARDING_RULES","limit":15,"usage":0},{"metric":"GLOBAL_EXTERNAL_MANAGED_FORWARDING_RULES","limit":15,"usage":0},{"metric":"GLOBAL_INTERNAL_MANAGED_BACKEND_SERVICES","limit":50,"usage":0},{"metric":"GLOBAL_EXTERNAL_MANAGED_BACKEND_SERVICES","limit":50,"usage":0},{"metric":"GLOBAL_EXTERNAL_PROXY_LB_BACKEND_SERVICES","limit":50,"usage":0},{"metric":"GLOBAL_INTERNAL_TRAFFIC_DIRECTOR_BACKEND_SERVICES","limit":100,"usage":0}],"selfLink":"https://www.googleapis.com/compute/v1/projects/choose-your-goat","defaultServiceAccount":"636547426141-compute@developer.gserviceaccount.com","xpnProjectStatus":"UNSPECIFIED_XPN_PROJECT_STATUS","defaultNetworkTier":"PREMIUM","vmDnsSetting":"ZONAL_ONLY","cloudArmorTier":"CA_STANDARD"}
[debug] [2025-08-22T15:10:25.564Z] Checked if tokens are valid: true, expires at: 1755878950703
[debug] [2025-08-22T15:10:25.564Z] Checked if tokens are valid: true, expires at: 1755878950703
[debug] [2025-08-22T15:10:25.565Z] >>> [apiv2][query] GET https://cloudbilling.googleapis.com/v1/projects/choose-your-goat/billingInfo [none]
[debug] [2025-08-22T15:10:26.779Z] <<< [apiv2][status] GET https://cloudbilling.googleapis.com/v1/projects/choose-your-goat/billingInfo 200
[debug] [2025-08-22T15:10:26.779Z] <<< [apiv2][body] GET https://cloudbilling.googleapis.com/v1/projects/choose-your-goat/billingInfo {"name":"projects/choose-your-goat/billingInfo","projectId":"choose-your-goat","billingAccountName":"billingAccounts/0112C6-8093C1-4CFBAF","billingEnabled":true}
[debug] [2025-08-22T15:10:26.780Z] Checked if tokens are valid: true, expires at: 1755878950703
[debug] [2025-08-22T15:10:26.780Z] Checked if tokens are valid: true, expires at: 1755878950703
[debug] [2025-08-22T15:10:26.780Z] >>> [apiv2][query] POST https://cloudfunctions.googleapis.com/v2/projects/choose-your-goat/locations/us-central1/functions:generateUploadUrl [none]
[debug] [2025-08-22T15:10:28.022Z] <<< [apiv2][status] POST https://cloudfunctions.googleapis.com/v2/projects/choose-your-goat/locations/us-central1/functions:generateUploadUrl 200
[debug] [2025-08-22T15:10:28.022Z] <<< [apiv2][body] POST https://cloudfunctions.googleapis.com/v2/projects/choose-your-goat/locations/us-central1/functions:generateUploadUrl {"uploadUrl":"https://storage.googleapis.com/gcf-v2-uploads-636547426141.us-central1.cloudfunctions.appspot.com/3693ee99-8272-4739-a5e2-1981f3864f80.zip?GoogleAccessId=service-636547426141@gcf-admin-robot.iam.gserviceaccount.com&Expires=1755877227&Signature=BeHUQoqU6WGHaW27mu3gQW3HRFa1l1Cl2k9PxCHU%2BfivHZo7FjX4QrYNVl3ZE%2FKC9qCP%2BMxlKxe7KYWLHCZTAi0ZHlDzRcwg%2FsI%2FZMqwCUI%2BqMIM668%2FNIo7Eg8RBvx6YMsMUlfcyG8aeaSGspynZBpAj3Sn5x1Avt6Fd5S0kGeAIHwr%2BC1tn01rySaZ2m8zn9N%2FD6gxWlJH1rWC75S5Jphdg95sDxK8tMPa22AWggisDHy2ilwNkUoKp54E5yeTozEsLyWLJA%2Ftd35%2BPHnfJ9FcNrkzFs%2BQ3yqV9aGVUal22nrP%2B7v5VzIw1eFmEl5KEqiEKhZXSw81BfnZSzAO%2BA%3D%3D","storageSource":{"bucket":"gcf-v2-uploads-636547426141.us-central1.cloudfunctions.appspot.com","object":"3693ee99-8272-4739-a5e2-1981f3864f80.zip"}}
[debug] [2025-08-22T15:10:28.024Z] >>> [apiv2][query] PUT https://storage.googleapis.com/gcf-v2-uploads-636547426141.us-central1.cloudfunctions.appspot.com/3693ee99-8272-4739-a5e2-1981f3864f80.zip GoogleAccessId=service-636547426141%40gcf-admin-robot.iam.gserviceaccount.com&Expires=1755877227&Signature=BeHUQoqU6WGHaW27mu3gQW3HRFa1l1Cl2k9PxCHU%2BfivHZo7FjX4QrYNVl3ZE%2FKC9qCP%2BMxlKxe7KYWLHCZTAi0ZHlDzRcwg%2FsI%2FZMqwCUI%2BqMIM668%2FNIo7Eg8RBvx6YMsMUlfcyG8aeaSGspynZBpAj3Sn5x1Avt6Fd5S0kGeAIHwr%2BC1tn01rySaZ2m8zn9N%2FD6gxWlJH1rWC75S5Jphdg95sDxK8tMPa22AWggisDHy2ilwNkUoKp54E5yeTozEsLyWLJA%2Ftd35%2BPHnfJ9FcNrkzFs%2BQ3yqV9aGVUal22nrP%2B7v5VzIw1eFmEl5KEqiEKhZXSw81BfnZSzAO%2BA%3D%3D
[debug] [2025-08-22T15:10:28.024Z] >>> [apiv2][body] PUT https://storage.googleapis.com/gcf-v2-uploads-636547426141.us-central1.cloudfunctions.appspot.com/3693ee99-8272-4739-a5e2-1981f3864f80.zip [stream]
[debug] [2025-08-22T15:10:29.533Z] <<< [apiv2][status] PUT https://storage.googleapis.com/gcf-v2-uploads-636547426141.us-central1.cloudfunctions.appspot.com/3693ee99-8272-4739-a5e2-1981f3864f80.zip 200
[debug] [2025-08-22T15:10:29.533Z] <<< [apiv2][body] PUT https://storage.googleapis.com/gcf-v2-uploads-636547426141.us-central1.cloudfunctions.appspot.com/3693ee99-8272-4739-a5e2-1981f3864f80.zip [omitted]
[info] +  functions: functions folder uploaded successfully 
[info] i  functions: updating Node.js 18 (2nd Gen) function sendNewOrderEmail(us-central1)... 
[debug] [2025-08-22T15:10:29.537Z] Checked if tokens are valid: true, expires at: 1755878950703
[debug] [2025-08-22T15:10:29.537Z] Checked if tokens are valid: true, expires at: 1755878950703
[debug] [2025-08-22T15:10:29.537Z] >>> [apiv2][query] PATCH https://cloudfunctions.googleapis.com/v2/projects/choose-your-goat/locations/us-central1/functions/sendNewOrderEmail updateMask=name%2CbuildConfig.runtime%2CbuildConfig.entryPoint%2CbuildConfig.source.storageSource.bucket%2CbuildConfig.source.storageSource.object%2CbuildConfig.environmentVariables%2CbuildConfig.sourceToken%2CserviceConfig.environmentVariables%2CserviceConfig.ingressSettings%2CserviceConfig.timeoutSeconds%2CserviceConfig.serviceAccountEmail%2CserviceConfig.availableMemory%2CserviceConfig.minInstanceCount%2CserviceConfig.maxInstanceCount%2CserviceConfig.maxInstanceRequestConcurrency%2CserviceConfig.availableCpu%2CserviceConfig.vpcConnector%2CserviceConfig.vpcConnectorEgressSettings%2Clabels
[debug] [2025-08-22T15:10:29.537Z] >>> [apiv2][body] PATCH https://cloudfunctions.googleapis.com/v2/projects/choose-your-goat/locations/us-central1/functions/sendNewOrderEmail {"name":"projects/choose-your-goat/locations/us-central1/functions/sendNewOrderEmail","buildConfig":{"runtime":"nodejs18","entryPoint":"sendNewOrderEmail","source":{"storageSource":{"bucket":"gcf-v2-uploads-636547426141.us-central1.cloudfunctions.appspot.com","object":"3693ee99-8272-4739-a5e2-1981f3864f80.zip"}},"environmentVariables":{"GOOGLE_NODE_RUN_SCRIPTS":""}},"serviceConfig":{"environmentVariables":{"FIREBASE_CONFIG":"{\"projectId\":\"choose-your-goat\",\"storageBucket\":\"choose-your-goat.firebasestorage.app\"}","GCLOUD_PROJECT":"choose-your-goat","EVENTARC_CLOUD_EVENT_SOURCE":"projects/choose-your-goat/locations/us-central1/services/sendNewOrderEmail","FUNCTION_TARGET":"sendNewOrderEmail","LOG_EXECUTION_ID":"true"},"ingressSettings":null,"timeoutSeconds":null,"serviceAccountEmail":null,"availableMemory":"256Mi","minInstanceCount":null,"maxInstanceCount":null,"maxInstanceRequestConcurrency":80,"availableCpu":"1","vpcConnector":null,"vpcConnectorEgressSettings":null},"labels":{"deployment-tool":"cli-firebase","firebase-functions-hash":"88d545bce1f8c102d288211a5e1860c55c67063d"}}
[debug] [2025-08-22T15:10:31.712Z] <<< [apiv2][status] PATCH https://cloudfunctions.googleapis.com/v2/projects/choose-your-goat/locations/us-central1/functions/sendNewOrderEmail 200
[debug] [2025-08-22T15:10:31.712Z] <<< [apiv2][body] PATCH https://cloudfunctions.googleapis.com/v2/projects/choose-your-goat/locations/us-central1/functions/sendNewOrderEmail {"name":"projects/choose-your-goat/locations/us-central1/operations/operation-1755875430382-63cf59b4c3b66-e347ab12-2c68d77d","metadata":{"@type":"type.googleapis.com/google.cloud.functions.v2.OperationMetadata","createTime":"2025-08-22T15:10:31.492843673Z","target":"projects/choose-your-goat/locations/us-central1/functions/sendNewOrderEmail","verb":"update","cancelRequested":false,"apiVersion":"v2"},"done":false}
[debug] [2025-08-22T15:10:31.713Z] Checked if tokens are valid: true, expires at: 1755878950703
[debug] [2025-08-22T15:10:31.713Z] Checked if tokens are valid: true, expires at: 1755878950703
[debug] [2025-08-22T15:10:31.713Z] >>> [apiv2][query] GET https://cloudfunctions.googleapis.com/v2/projects/choose-your-goat/locations/us-central1/operations/operation-1755875430382-63cf59b4c3b66-e347ab12-2c68d77d [none]
[debug] [2025-08-22T15:10:32.704Z] <<< [apiv2][status] GET https://cloudfunctions.googleapis.com/v2/projects/choose-your-goat/locations/us-central1/operations/operation-1755875430382-63cf59b4c3b66-e347ab12-2c68d77d 200
[debug] [2025-08-22T15:10:32.705Z] <<< [apiv2][body] GET https://cloudfunctions.googleapis.com/v2/projects/choose-your-goat/locations/us-central1/operations/operation-1755875430382-63cf59b4c3b66-e347ab12-2c68d77d {"name":"projects/choose-your-goat/locations/us-central1/operations/operation-1755875430382-63cf59b4c3b66-e347ab12-2c68d77d","metadata":{"@type":"type.googleapis.com/google.cloud.functions.v2.OperationMetadata","createTime":"2025-08-22T15:10:31.492843673Z","target":"projects/choose-your-goat/locations/us-central1/functions/sendNewOrderEmail","verb":"update","cancelRequested":false,"apiVersion":"v2","requestResource":{"@type":"type.googleapis.com/google.cloud.functions.v2.Function","name":"projects/choose-your-goat/locations/us-central1/functions/sendNewOrderEmail","buildConfig":{"runtime":"nodejs18","entryPoint":"sendNewOrderEmail","source":{"storageSource":{"bucket":"gcf-v2-sources-636547426141-us-central1","object":"sendNewOrderEmail/function-source.zip","generation":"1755875431409692"}},"environmentVariables":{"GOOGLE_NODE_RUN_SCRIPTS":""},"dockerRepository":"projects/choose-your-goat/locations/us-central1/repositories/gcf-artifacts","sourceProvenance":{"resolvedStorageSource":{"bucket":"gcf-v2-sources-636547426141-us-central1","object":"sendNewOrderEmail/function-source.zip","generation":"1755278152223136"}},"dockerRegistry":"ARTIFACT_REGISTRY","serviceAccount":"projects/choose-your-goat/serviceAccounts/636547426141-compute@developer.gserviceaccount.com","automaticUpdatePolicy":{}},"serviceConfig":{"service":"projects/choose-your-goat/locations/us-central1/services/sendneworderemail","timeoutSeconds":60,"environmentVariables":{"FIREBASE_CONFIG":"{\"projectId\":\"choose-your-goat\",\"storageBucket\":\"choose-your-goat.firebasestorage.app\"}","GCLOUD_PROJECT":"choose-your-goat","EVENTARC_CLOUD_EVENT_SOURCE":"projects/choose-your-goat/locations/us-central1/services/sendNewOrderEmail","FUNCTION_TARGET":"sendNewOrderEmail","LOG_EXECUTION_ID":"true"},"ingressSettings":"ALLOW_ALL","uri":"https://sendneworderemail-ypvdab2dka-uc.a.run.app","serviceAccountEmail":"636547426141-compute@developer.gserviceaccount.com","availableMemory":"256Mi","allTrafficOnLatestRevision":true,"revision":"sendneworderemail-00010-dil","maxInstanceRequestConcurrency":80,"availableCpu":"1"},"state":"ACTIVE","labels":{"deployment-tool":"cli-firebase","firebase-functions-hash":"88d545bce1f8c102d288211a5e1860c55c67063d"},"environment":"GEN_2","url":"https://us-central1-choose-your-goat.cloudfunctions.net/sendNewOrderEmail","satisfiesPzi":true},"stages":[{"name":"BUILD","state":"NOT_STARTED","stateMessages":[{"severity":"WARNING","type":"BuildAnalysisWarning","message":"Node.js 18 is no longer supported by the Node.js community as of 30 April, 2025. Node.js 18 will be decommissioned on 2025-10-30. As of 2025-10-30 you will no longer be able to deploy your Cloud Functions using nodejs18. We recommend you to upgrade to the latest version of Node.js as soon as possible."}]},{"name":"SERVICE","state":"NOT_STARTED"}],"operationType":"UPDATE_FUNCTION"},"done":false}
[debug] [2025-08-22T15:10:33.208Z] [update-default-us-central1-sendNewOrderEmail] Retrying task index 0
[debug] [2025-08-22T15:10:33.208Z] Checked if tokens are valid: true, expires at: 1755878950703
[debug] [2025-08-22T15:10:33.208Z] Checked if tokens are valid: true, expires at: 1755878950703
[debug] [2025-08-22T15:10:33.209Z] >>> [apiv2][query] GET https://cloudfunctions.googleapis.com/v2/projects/choose-your-goat/locations/us-central1/operations/operation-1755875430382-63cf59b4c3b66-e347ab12-2c68d77d [none]
[debug] [2025-08-22T15:10:34.202Z] <<< [apiv2][status] GET https://cloudfunctions.googleapis.com/v2/projects/choose-your-goat/locations/us-central1/operations/operation-1755875430382-63cf59b4c3b66-e347ab12-2c68d77d 200
[debug] [2025-08-22T15:10:34.203Z] <<< [apiv2][body] GET https://cloudfunctions.googleapis.com/v2/projects/choose-your-goat/locations/us-central1/operations/operation-1755875430382-63cf59b4c3b66-e347ab12-2c68d77d {"name":"projects/choose-your-goat/locations/us-central1/operations/operation-1755875430382-63cf59b4c3b66-e347ab12-2c68d77d","metadata":{"@type":"type.googleapis.com/google.cloud.functions.v2.OperationMetadata","createTime":"2025-08-22T15:10:31.492843673Z","target":"projects/choose-your-goat/locations/us-central1/functions/sendNewOrderEmail","verb":"update","cancelRequested":false,"apiVersion":"v2","requestResource":{"@type":"type.googleapis.com/google.cloud.functions.v2.Function","name":"projects/choose-your-goat/locations/us-central1/functions/sendNewOrderEmail","buildConfig":{"runtime":"nodejs18","entryPoint":"sendNewOrderEmail","source":{"storageSource":{"bucket":"gcf-v2-sources-636547426141-us-central1","object":"sendNewOrderEmail/function-source.zip","generation":"1755875431409692"}},"environmentVariables":{"GOOGLE_NODE_RUN_SCRIPTS":""},"dockerRepository":"projects/choose-your-goat/locations/us-central1/repositories/gcf-artifacts","sourceProvenance":{"resolvedStorageSource":{"bucket":"gcf-v2-sources-636547426141-us-central1","object":"sendNewOrderEmail/function-source.zip","generation":"1755278152223136"}},"dockerRegistry":"ARTIFACT_REGISTRY","serviceAccount":"projects/choose-your-goat/serviceAccounts/636547426141-compute@developer.gserviceaccount.com","automaticUpdatePolicy":{}},"serviceConfig":{"service":"projects/choose-your-goat/locations/us-central1/services/sendneworderemail","timeoutSeconds":60,"environmentVariables":{"FIREBASE_CONFIG":"{\"projectId\":\"choose-your-goat\",\"storageBucket\":\"choose-your-goat.firebasestorage.app\"}","GCLOUD_PROJECT":"choose-your-goat","EVENTARC_CLOUD_EVENT_SOURCE":"projects/choose-your-goat/locations/us-central1/services/sendNewOrderEmail","FUNCTION_TARGET":"sendNewOrderEmail","LOG_EXECUTION_ID":"true"},"ingressSettings":"ALLOW_ALL","uri":"https://sendneworderemail-ypvdab2dka-uc.a.run.app","serviceAccountEmail":"636547426141-compute@developer.gserviceaccount.com","availableMemory":"256Mi","allTrafficOnLatestRevision":true,"revision":"sendneworderemail-00010-dil","maxInstanceRequestConcurrency":80,"availableCpu":"1"},"state":"ACTIVE","labels":{"deployment-tool":"cli-firebase","firebase-functions-hash":"88d545bce1f8c102d288211a5e1860c55c67063d"},"environment":"GEN_2","url":"https://us-central1-choose-your-goat.cloudfunctions.net/sendNewOrderEmail","satisfiesPzi":true},"stages":[{"name":"BUILD","message":"Build in progress","state":"IN_PROGRESS","resource":"projects/636547426141/locations/us-central1/builds/c22a183b-fe93-483a-a9df-33a6516b9a4f","resourceUri":"https://console.cloud.google.com/cloud-build/builds;region=us-central1/c22a183b-fe93-483a-a9df-33a6516b9a4f?project=636547426141"},{"name":"SERVICE","state":"NOT_STARTED"}],"operationType":"UPDATE_FUNCTION","buildName":"projects/636547426141/locations/us-central1/builds/c22a183b-fe93-483a-a9df-33a6516b9a4f"},"done":false}
[debug] [2025-08-22T15:10:35.210Z] [update-default-us-central1-sendNewOrderEmail] Retrying task index 0
[debug] [2025-08-22T15:10:35.211Z] Checked if tokens are valid: true, expires at: 1755878950703
[debug] [2025-08-22T15:10:35.211Z] Checked if tokens are valid: true, expires at: 1755878950703
[debug] [2025-08-22T15:10:35.212Z] >>> [apiv2][query] GET https://cloudfunctions.googleapis.com/v2/projects/choose-your-goat/locations/us-central1/operations/operation-1755875430382-63cf59b4c3b66-e347ab12-2c68d77d [none]
[debug] [2025-08-22T15:10:36.192Z] <<< [apiv2][status] GET https://cloudfunctions.googleapis.com/v2/projects/choose-your-goat/locations/us-central1/operations/operation-1755875430382-63cf59b4c3b66-e347ab12-2c68d77d 200
[debug] [2025-08-22T15:10:36.193Z] <<< [apiv2][body] GET https://cloudfunctions.googleapis.com/v2/projects/choose-your-goat/locations/us-central1/operations/operation-1755875430382-63cf59b4c3b66-e347ab12-2c68d77d {"name":"projects/choose-your-goat/locations/us-central1/operations/operation-1755875430382-63cf59b4c3b66-e347ab12-2c68d77d","metadata":{"@type":"type.googleapis.com/google.cloud.functions.v2.OperationMetadata","createTime":"2025-08-22T15:10:31.492843673Z","target":"projects/choose-your-goat/locations/us-central1/functions/sendNewOrderEmail","verb":"update","cancelRequested":false,"apiVersion":"v2","requestResource":{"@type":"type.googleapis.com/google.cloud.functions.v2.Function","name":"projects/choose-your-goat/locations/us-central1/functions/sendNewOrderEmail","buildConfig":{"runtime":"nodejs18","entryPoint":"sendNewOrderEmail","source":{"storageSource":{"bucket":"gcf-v2-sources-636547426141-us-central1","object":"sendNewOrderEmail/function-source.zip","generation":"1755875431409692"}},"environmentVariables":{"GOOGLE_NODE_RUN_SCRIPTS":""},"dockerRepository":"projects/choose-your-goat/locations/us-central1/repositories/gcf-artifacts","sourceProvenance":{"resolvedStorageSource":{"bucket":"gcf-v2-sources-636547426141-us-central1","object":"sendNewOrderEmail/function-source.zip","generation":"1755278152223136"}},"dockerRegistry":"ARTIFACT_REGISTRY","serviceAccount":"projects/choose-your-goat/serviceAccounts/636547426141-compute@developer.gserviceaccount.com","automaticUpdatePolicy":{}},"serviceConfig":{"service":"projects/choose-your-goat/locations/us-central1/services/sendneworderemail","timeoutSeconds":60,"environmentVariables":{"FIREBASE_CONFIG":"{\"projectId\":\"choose-your-goat\",\"storageBucket\":\"choose-your-goat.firebasestorage.app\"}","GCLOUD_PROJECT":"choose-your-goat","EVENTARC_CLOUD_EVENT_SOURCE":"projects/choose-your-goat/locations/us-central1/services/sendNewOrderEmail","FUNCTION_TARGET":"sendNewOrderEmail","LOG_EXECUTION_ID":"true"},"ingressSettings":"ALLOW_ALL","uri":"https://sendneworderemail-ypvdab2dka-uc.a.run.app","serviceAccountEmail":"636547426141-compute@developer.gserviceaccount.com","availableMemory":"256Mi","allTrafficOnLatestRevision":true,"revision":"sendneworderemail-00010-dil","maxInstanceRequestConcurrency":80,"availableCpu":"1"},"state":"ACTIVE","labels":{"deployment-tool":"cli-firebase","firebase-functions-hash":"88d545bce1f8c102d288211a5e1860c55c67063d"},"environment":"GEN_2","url":"https://us-central1-choose-your-goat.cloudfunctions.net/sendNewOrderEmail","satisfiesPzi":true},"stages":[{"name":"BUILD","message":"Build in progress","state":"IN_PROGRESS","resource":"projects/636547426141/locations/us-central1/builds/c22a183b-fe93-483a-a9df-33a6516b9a4f","resourceUri":"https://console.cloud.google.com/cloud-build/builds;region=us-central1/c22a183b-fe93-483a-a9df-33a6516b9a4f?project=636547426141"},{"name":"SERVICE","state":"NOT_STARTED"}],"operationType":"UPDATE_FUNCTION","buildName":"projects/636547426141/locations/us-central1/builds/c22a183b-fe93-483a-a9df-33a6516b9a4f"},"done":false}
[debug] [2025-08-22T15:10:38.201Z] [update-default-us-central1-sendNewOrderEmail] Retrying task index 0
[debug] [2025-08-22T15:10:38.201Z] Checked if tokens are valid: true, expires at: 1755878950703
[debug] [2025-08-22T15:10:38.201Z] Checked if tokens are valid: true, expires at: 1755878950703
[debug] [2025-08-22T15:10:38.201Z] >>> [apiv2][query] GET https://cloudfunctions.googleapis.com/v2/projects/choose-your-goat/locations/us-central1/operations/operation-1755875430382-63cf59b4c3b66-e347ab12-2c68d77d [none]
